CCS PCM C Compiler, Version 5.008, 5967               16-mar.-18 01:15

               Filename:   C:\Users\LuisMiguel\Documents\GitHub\LCD-Paso-A-Paso\LCD con libreria 8 BITS.lst

               ROM used:   387 words (5%)
                           Largest free fragment is 2048
               RAM used:   5 (1%) at main() level
                           19 (5%) worst case
               Stack used: 5 locations
               Stack size: 8

*
0000:  MOVLW  01
0001:  MOVWF  0A
0002:  GOTO   161
0003:  NOP
.................... #include <16f887.h>                   //Nuestro pic 
.................... //////// Standard Header file for the PIC16F887 device //////////////// 
.................... #device PIC16F887 
0004:  BCF    0A.0
0005:  BCF    0A.1
0006:  BCF    0A.2
0007:  ADDWF  02,F
0008:  RETLW  28
0009:  RETLW  0C
000A:  RETLW  01
000B:  RETLW  06
000C:  DATA C8,37
000D:  DATA EC,30
000E:  DATA A0,26
000F:  DATA 75,37
0010:  DATA E4,37
0011:  DATA 00,00
*
0114:  MOVF   0B,W
0115:  MOVWF  21
0116:  BCF    0B.7
0117:  BSF    03.5
0118:  BSF    03.6
0119:  BSF    0C.7
011A:  BSF    0C.0
011B:  NOP
011C:  NOP
011D:  BCF    03.5
011E:  MOVF   0C,W
011F:  ANDLW  7F
0120:  BTFSC  03.2
0121:  GOTO   15B
0122:  BCF    03.6
0123:  MOVWF  22
0124:  BSF    03.6
0125:  MOVF   0D,W
0126:  BCF    03.6
0127:  MOVWF  23
0128:  BSF    03.6
0129:  MOVF   0F,W
012A:  BCF    03.6
012B:  MOVWF  24
012C:  MOVF   22,W
012D:  MOVWF  25
012E:  CALL   0E8
012F:  MOVF   23,W
0130:  BSF    03.6
0131:  MOVWF  0D
0132:  BCF    03.6
0133:  MOVF   24,W
0134:  BSF    03.6
0135:  MOVWF  0F
0136:  BSF    03.5
0137:  BSF    0C.7
0138:  BSF    0C.0
0139:  NOP
013A:  NOP
013B:  BCF    03.5
013C:  RLF    0C,W
013D:  RLF    0E,W
013E:  ANDLW  7F
013F:  BTFSC  03.2
0140:  GOTO   15B
0141:  BCF    03.6
0142:  MOVWF  22
0143:  BSF    03.6
0144:  MOVF   0D,W
0145:  BCF    03.6
0146:  MOVWF  23
0147:  BSF    03.6
0148:  MOVF   0F,W
0149:  BCF    03.6
014A:  MOVWF  24
014B:  MOVF   22,W
014C:  MOVWF  25
014D:  CALL   0E8
014E:  MOVF   23,W
014F:  BSF    03.6
0150:  MOVWF  0D
0151:  BCF    03.6
0152:  MOVF   24,W
0153:  BSF    03.6
0154:  MOVWF  0F
0155:  INCF   0D,F
0156:  BTFSC  03.2
0157:  INCF   0F,F
0158:  BCF    03.6
0159:  GOTO   117
015A:  BSF    03.6
015B:  BCF    03.6
015C:  BTFSC  21.7
015D:  BSF    0B.7
015E:  BCF    0A.3
015F:  BCF    0A.4
0160:  GOTO   182 (RETURN)
....................  
.................... #list 
....................  
.................... #use delay (clock=8000000)            //Fosc=8Mhz                                  //// 
*
0012:  MOVLW  26
0013:  MOVWF  04
0014:  BCF    03.7
0015:  MOVF   00,W
0016:  BTFSC  03.2
0017:  GOTO   025
0018:  MOVLW  02
0019:  MOVWF  78
001A:  CLRF   77
001B:  DECFSZ 77,F
001C:  GOTO   01B
001D:  DECFSZ 78,F
001E:  GOTO   01A
001F:  MOVLW  97
0020:  MOVWF  77
0021:  DECFSZ 77,F
0022:  GOTO   021
0023:  DECFSZ 00,F
0024:  GOTO   018
0025:  RETURN
....................  
.................... #define LCD_DATA_PORT getenv("SFR:PORTB") 
.................... #define LCD_ENABLE_PIN    PIN_D0 
.................... #define LCD_RS_PIN               PIN_D1 
.................... #define LCD_RW_PIN             PIN_D2 
.................... #INCLUDE <lcd.c> 
.................... /////////////////////////////////////////////////////////////////////////////// 
.................... ////                             LCD.C                                     //// 
.................... ////                 Driver for common LCD modules                         //// 
.................... ////                                                                       //// 
.................... ////  lcd_init()   Must be called before any other function.               //// 
.................... ////                                                                       //// 
.................... ////  lcd_putc(c)  Will display c on the next position of the LCD.         //// 
.................... ////                 \a  Set cursor position to upper left                 //// 
.................... ////                 \f  Clear display, set cursor to upper left           //// 
.................... ////                 \n  Go to start of second line                        //// 
.................... ////                 \b  Move back one position                            //// 
.................... ////              If LCD_EXTENDED_NEWLINE is defined, the \n character     //// 
.................... ////              will erase all remanining characters on the current      //// 
.................... ////              line, and move the cursor to the beginning of the next   //// 
.................... ////              line.                                                    //// 
.................... ////              If LCD_EXTENDED_NEWLINE is defined, the \r character     //// 
.................... ////              will move the cursor to the start of the current         //// 
.................... ////              line.                                                    //// 
.................... ////                                                                       //// 
.................... ////  lcd_gotoxy(x,y) Set write position on LCD (upper left is 1,1)        //// 
.................... ////                                                                       //// 
.................... ////  lcd_getc(x,y)   Returns character at position x,y on LCD             //// 
.................... ////                                                                       //// 
.................... ////  lcd_cursor_on(int1 on)   Turn the cursor on (on=TRUE) or off         //// 
.................... ////              (on=FALSE).                                              //// 
.................... ////                                                                       //// 
.................... ////  lcd_set_cgram_char(w, *p)   Write a custom character to the CGRAM.   //// 
.................... ////                                                                       //// 
.................... ////                                                                       //// 
.................... ////  CONFIGURATION                                                        //// 
.................... ////  The LCD can be configured in one of two ways: a.) port access or     //// 
.................... ////  b.) pin access.  Port access requires the entire 7 bit interface     //// 
.................... ////  connected to one GPIO port, and the data bits (D4:D7 of the LCD)     //// 
.................... ////  connected to sequential pins on the GPIO.  Pin access                //// 
.................... ////  has no requirements, all 7 bits of the control interface can         //// 
.................... ////  can be connected to any GPIO using several ports.                    //// 
.................... ////                                                                       //// 
.................... ////  To use port access, #define LCD_DATA_PORT to the SFR location of     //// 
.................... ////  of the GPIO port that holds the interface, -AND- edit LCD_PIN_MAP    //// 
.................... ////  of this file to configure the pin order.  If you are using a         //// 
.................... ////  baseline PIC (PCB), then LCD_OUTPUT_MAP and LCD_INPUT_MAP also must  //// 
.................... ////  be defined.                                                          //// 
.................... ////                                                                       //// 
.................... ////  Example of port access:                                              //// 
.................... ////     #define LCD_DATA_PORT getenv("SFR:PORTD")                         //// 
.................... ////                                                                       //// 
.................... ////  To use pin access, the following pins must be defined:               //// 
.................... ////     LCD_ENABLE_PIN                                                    //// 
.................... ////     LCD_RS_PIN                                                        //// 
.................... ////     LCD_RW_PIN                                                        //// 
.................... ////     LCD_DATA4                                                         //// 
.................... ////     LCD_DATA5                                                         //// 
.................... ////     LCD_DATA6                                                         //// 
.................... ////     LCD_DATA7                                                         //// 
.................... ////                                                                       //// 
.................... ////  Example of pin access:                                               //// 
.................... ////     #define LCD_ENABLE_PIN  PIN_E0                                    //// 
.................... ////     #define LCD_RS_PIN      PIN_E1                                    //// 
.................... ////     #define LCD_RW_PIN      PIN_E2                                    //// 
.................... ////     #define LCD_DATA4       PIN_D4                                    //// 
.................... ////     #define LCD_DATA5       PIN_D5                                    //// 
.................... ////     #define LCD_DATA6       PIN_D6                                    //// 
.................... ////     #define LCD_DATA7       PIN_D7                                    //// 
.................... ////                                                                       //// 
.................... /////////////////////////////////////////////////////////////////////////////// 
.................... ////        (C) Copyright 1996,2010 Custom Computer Services           //// 
.................... //// This source code may only be used by licensed users of the CCS C  //// 
.................... //// compiler.  This source code may only be distributed to other      //// 
.................... //// licensed users of the CCS C compiler.  No other use, reproduction //// 
.................... //// or distribution is permitted without written permission.          //// 
.................... //// Derivative programs created using this software in object code    //// 
.................... //// form are not restricted in any way.                               //// 
.................... /////////////////////////////////////////////////////////////////////////// 
....................  
.................... #ifndef __LCD_C__ 
.................... #define __LCD_C__ 
....................  
.................... // define the pinout. 
.................... // only required if port access is being used. 
.................... typedef struct   
.................... {                            // This structure is overlayed 
....................    int1 enable;           // on to an I/O port to gain 
....................    int1 rs;               // access to the LCD pins. 
....................    int1 rw;               // The bits are allocated from 
....................    int1 unused;           // low order up.  ENABLE will 
....................    unsigned int     data : 4;         // be LSB pin of that port. 
....................   #if defined(__PCD__)       // The port used will be LCD_DATA_PORT. 
....................    unsigned int    reserved: 8; 
....................   #endif 
.................... } LCD_PIN_MAP; 
....................  
.................... // this is to improve compatability with previous LCD drivers that accepted 
.................... // a define labeled 'use_portb_lcd' that configured the LCD onto port B. 
.................... #if ((defined(use_portb_lcd)) && (use_portb_lcd==TRUE)) 
....................  #define LCD_DATA_PORT getenv("SFR:PORTB") 
.................... #endif 
....................  
.................... #if defined(__PCB__) 
....................    // these definitions only need to be modified for baseline PICs. 
....................    // all other PICs use LCD_PIN_MAP or individual LCD_xxx pin definitions. 
.................... /*                                    EN, RS,   RW,   UNUSED,  DATA  */ 
....................  const LCD_PIN_MAP LCD_OUTPUT_MAP =  {0,  0,    0,    0,       0}; 
....................  const LCD_PIN_MAP LCD_INPUT_MAP =   {0,  0,    0,    0,       0xF}; 
.................... #endif 
....................  
.................... ////////////////////// END CONFIGURATION /////////////////////////////////// 
....................  
.................... #ifndef LCD_ENABLE_PIN 
....................    #define lcd_output_enable(x) lcdlat.enable=x 
....................    #define lcd_enable_tris()   lcdtris.enable=0 
.................... #else 
....................    #define lcd_output_enable(x) output_bit(LCD_ENABLE_PIN, x) 
....................    #define lcd_enable_tris()  output_drive(LCD_ENABLE_PIN) 
.................... #endif 
....................  
.................... #ifndef LCD_RS_PIN 
....................    #define lcd_output_rs(x) lcdlat.rs=x 
....................    #define lcd_rs_tris()   lcdtris.rs=0 
.................... #else 
....................    #define lcd_output_rs(x) output_bit(LCD_RS_PIN, x) 
....................    #define lcd_rs_tris()  output_drive(LCD_RS_PIN) 
.................... #endif 
....................  
.................... #ifndef LCD_RW_PIN 
....................    #define lcd_output_rw(x) lcdlat.rw=x 
....................    #define lcd_rw_tris()   lcdtris.rw=0 
.................... #else 
....................    #define lcd_output_rw(x) output_bit(LCD_RW_PIN, x) 
....................    #define lcd_rw_tris()  output_drive(LCD_RW_PIN) 
.................... #endif 
....................  
.................... // original version of this library incorrectly labeled LCD_DATA0 as LCD_DATA4, 
.................... // LCD_DATA1 as LCD_DATA5, and so on.  this block of code makes the driver 
.................... // compatible with any code written for the original library 
.................... #if (defined(LCD_DATA0) && defined(LCD_DATA1) && defined(LCD_DATA2) && defined(LCD_DATA3) && !defined(LCD_DATA4) && !defined(LCD_DATA5) && !defined(LCD_DATA6) && !defined(LCD_DATA7)) 
....................    #define  LCD_DATA4    LCD_DATA0 
....................    #define  LCD_DATA5    LCD_DATA1 
....................    #define  LCD_DATA6    LCD_DATA2 
....................    #define  LCD_DATA7    LCD_DATA3 
.................... #endif 
....................  
.................... #ifndef LCD_DATA4 
.................... #ifndef LCD_DATA_PORT 
....................    #if defined(__PCB__) 
....................       #define LCD_DATA_PORT      0x06     //portb 
....................       #define set_tris_lcd(x)   set_tris_b(x) 
....................    #else 
....................      #if defined(PIN_D0) 
....................       #define LCD_DATA_PORT      getenv("SFR:PORTD")     //portd 
....................      #else 
....................       #define LCD_DATA_PORT      getenv("SFR:PORTB")     //portb 
....................      #endif 
....................    #endif    
.................... #endif 
....................  
.................... #if defined(__PCB__) 
....................    LCD_PIN_MAP lcd, lcdlat; 
....................    #byte lcd = LCD_DATA_PORT 
....................    #byte lcdlat = LCD_DATA_PORT 
.................... #elif defined(__PCM__) 
....................    LCD_PIN_MAP lcd, lcdlat, lcdtris; 
....................    #byte lcd = LCD_DATA_PORT 
....................    #byte lcdlat = LCD_DATA_PORT 
....................    #byte lcdtris = LCD_DATA_PORT+0x80 
.................... #elif defined(__PCH__) 
....................    LCD_PIN_MAP lcd, lcdlat, lcdtris; 
....................    #byte lcd = LCD_DATA_PORT 
....................    #byte lcdlat = LCD_DATA_PORT+9 
....................    #byte lcdtris = LCD_DATA_PORT+0x12 
.................... #elif defined(__PCD__) 
....................    LCD_PIN_MAP lcd, lcdlat, lcdtris; 
....................    #word lcd = LCD_DATA_PORT 
....................    #word lcdlat = LCD_DATA_PORT+2 
....................    #word lcdtris = LCD_DATA_PORT-0x02 
.................... #endif 
.................... #endif   //LCD_DATA4 not defined 
....................  
.................... #ifndef LCD_TYPE 
....................    #define LCD_TYPE 2           // 0=5x7, 1=5x10, 2=2 lines 
.................... #endif 
....................  
.................... #ifndef LCD_LINE_TWO 
....................    #define LCD_LINE_TWO 0x40    // LCD RAM address for the second line 
.................... #endif 
....................  
.................... #ifndef LCD_LINE_LENGTH 
....................    #define LCD_LINE_LENGTH 20 
.................... #endif 
....................  
.................... unsigned int8 const LCD_INIT_STRING[4] = {0x20 | (LCD_TYPE << 2), 0xc, 1, 6}; 
....................                              // These bytes need to be sent to the LCD 
....................                              // to start it up. 
....................  
.................... unsigned int8 lcd_read_nibble(void); 
....................  
.................... unsigned int8 lcd_read_byte(void) 
.................... { 
....................    unsigned int8 low,high; 
....................  
....................  #if defined(__PCB__) 
....................    set_tris_lcd(LCD_INPUT_MAP); 
....................  #else 
....................   #if (defined(LCD_DATA4) && defined(LCD_DATA5) && defined(LCD_DATA6) && defined(LCD_DATA7)) 
....................    output_float(LCD_DATA4); 
....................    output_float(LCD_DATA5); 
....................    output_float(LCD_DATA6); 
....................    output_float(LCD_DATA7); 
....................   #else 
....................    lcdtris.data = 0xF; 
*
0047:  MOVLW  0F
0048:  ANDWF  06,W
0049:  IORLW  F0
004A:  MOVWF  06
....................   #endif 
....................  #endif 
....................          
....................    lcd_output_rw(1); 
004B:  BCF    03.5
004C:  BSF    08.2
004D:  BSF    03.5
004E:  BCF    08.2
....................    delay_cycles(1); 
004F:  NOP
....................    lcd_output_enable(1); 
0050:  BCF    03.5
0051:  BSF    08.0
0052:  BSF    03.5
0053:  BCF    08.0
....................    delay_cycles(1); 
0054:  NOP
....................    high = lcd_read_nibble(); 
0055:  BCF    03.5
0056:  CALL   039
0057:  MOVF   78,W
0058:  MOVWF  2D
....................        
....................    lcd_output_enable(0); 
0059:  BCF    08.0
005A:  BSF    03.5
005B:  BCF    08.0
....................    delay_cycles(1); 
005C:  NOP
....................    lcd_output_enable(1); 
005D:  BCF    03.5
005E:  BSF    08.0
005F:  BSF    03.5
0060:  BCF    08.0
....................    delay_us(1); 
0061:  GOTO   062
....................    low = lcd_read_nibble(); 
0062:  BCF    03.5
0063:  CALL   039
0064:  MOVF   78,W
0065:  MOVWF  2C
....................        
....................    lcd_output_enable(0); 
0066:  BCF    08.0
0067:  BSF    03.5
0068:  BCF    08.0
....................  
....................  #if defined(__PCB__) 
....................    set_tris_lcd(LCD_OUTPUT_MAP); 
....................  #else 
....................   #if (defined(LCD_DATA4) && defined(LCD_DATA5) && defined(LCD_DATA6) && defined(LCD_DATA7)) 
....................    output_drive(LCD_DATA4); 
....................    output_drive(LCD_DATA5); 
....................    output_drive(LCD_DATA6); 
....................    output_drive(LCD_DATA7); 
....................   #else 
....................    lcdtris.data = 0x0; 
0069:  MOVLW  0F
006A:  ANDWF  06,W
006B:  MOVWF  06
....................   #endif 
....................  #endif 
....................  
....................    return( (high<<4) | low); 
006C:  BCF    03.5
006D:  SWAPF  2D,W
006E:  MOVWF  77
006F:  MOVLW  F0
0070:  ANDWF  77,F
0071:  MOVF   77,W
0072:  IORWF  2C,W
0073:  MOVWF  78
.................... } 
....................  
.................... unsigned int8 lcd_read_nibble(void) 
.................... { 
....................   #if (defined(LCD_DATA4) && defined(LCD_DATA5) && defined(LCD_DATA6) && defined(LCD_DATA7)) 
....................    unsigned int8 n = 0x00; 
....................  
....................    /* Read the data port */ 
....................    n |= input(LCD_DATA4); 
....................    n |= input(LCD_DATA5) << 1; 
....................    n |= input(LCD_DATA6) << 2; 
....................    n |= input(LCD_DATA7) << 3; 
....................     
....................    return(n); 
....................   #else 
....................    return(lcd.data); 
*
0039:  MOVF   06,W
003A:  MOVWF  77
003B:  SWAPF  06,W
003C:  ANDLW  0F
003D:  MOVWF  78
....................   #endif 
003E:  RETURN
.................... } 
....................  
.................... void lcd_send_nibble(unsigned int8 n) 
.................... { 
....................   #if (defined(LCD_DATA4) && defined(LCD_DATA5) && defined(LCD_DATA6) && defined(LCD_DATA7)) 
....................    /* Write to the data port */ 
....................    output_bit(LCD_DATA4, bit_test(n, 0)); 
....................    output_bit(LCD_DATA5, bit_test(n, 1)); 
....................    output_bit(LCD_DATA6, bit_test(n, 2)); 
....................    output_bit(LCD_DATA7, bit_test(n, 3)); 
....................   #else       
....................    lcdlat.data = n; 
*
0026:  SWAPF  2D,W
0027:  ANDLW  F0
0028:  MOVWF  77
0029:  MOVLW  0F
002A:  ANDWF  06,W
002B:  IORWF  77,W
002C:  MOVWF  06
....................   #endif 
....................        
....................    delay_cycles(1); 
002D:  NOP
....................    lcd_output_enable(1); 
002E:  BSF    08.0
002F:  BSF    03.5
0030:  BCF    08.0
....................    delay_us(2); 
0031:  GOTO   032
0032:  GOTO   033
....................    lcd_output_enable(0); 
0033:  BCF    03.5
0034:  BCF    08.0
0035:  BSF    03.5
0036:  BCF    08.0
0037:  BCF    03.5
0038:  RETURN
.................... } 
....................  
.................... void lcd_send_byte(unsigned int8 address, unsigned int8 n) 
.................... { 
....................   #if defined(__PCB__) 
....................    set_tris_lcd(LCD_OUTPUT_MAP); 
....................   #else 
....................    lcd_enable_tris(); 
*
003F:  BSF    03.5
0040:  BCF    08.0
....................    lcd_rs_tris(); 
0041:  BCF    08.1
....................    lcd_rw_tris(); 
0042:  BCF    08.2
....................   #endif 
....................  
....................    lcd_output_rs(0); 
0043:  BCF    03.5
0044:  BCF    08.1
0045:  BSF    03.5
0046:  BCF    08.1
....................    while ( bit_test(lcd_read_byte(),7) ) ; 
*
0074:  MOVF   78,W
0075:  MOVWF  2C
0076:  BTFSS  2C.7
0077:  GOTO   07A
0078:  BSF    03.5
0079:  GOTO   047
....................    lcd_output_rs(address); 
007A:  MOVF   2A,F
007B:  BTFSS  03.2
007C:  GOTO   07F
007D:  BCF    08.1
007E:  GOTO   080
007F:  BSF    08.1
0080:  BSF    03.5
0081:  BCF    08.1
....................    delay_cycles(1); 
0082:  NOP
....................    lcd_output_rw(0); 
0083:  BCF    03.5
0084:  BCF    08.2
0085:  BSF    03.5
0086:  BCF    08.2
....................    delay_cycles(1); 
0087:  NOP
....................    lcd_output_enable(0); 
0088:  BCF    03.5
0089:  BCF    08.0
008A:  BSF    03.5
008B:  BCF    08.0
....................    lcd_send_nibble(n >> 4); 
008C:  BCF    03.5
008D:  SWAPF  2B,W
008E:  MOVWF  2C
008F:  MOVLW  0F
0090:  ANDWF  2C,F
0091:  MOVF   2C,W
0092:  MOVWF  2D
0093:  CALL   026
....................    lcd_send_nibble(n & 0xf); 
0094:  MOVF   2B,W
0095:  ANDLW  0F
0096:  MOVWF  2C
0097:  MOVWF  2D
0098:  CALL   026
0099:  RETURN
.................... } 
....................  
.................... #if defined(LCD_EXTENDED_NEWLINE) 
.................... unsigned int8 g_LcdX, g_LcdY; 
.................... #endif 
....................  
.................... void lcd_init(void)  
.................... { 
....................    unsigned int8 i; 
....................  
....................  #if defined(__PCB__) 
....................    set_tris_lcd(LCD_OUTPUT_MAP); 
....................  #else 
....................   #if (defined(LCD_DATA4) && defined(LCD_DATA5) && defined(LCD_DATA6) && defined(LCD_DATA7)) 
....................    output_drive(LCD_DATA4); 
....................    output_drive(LCD_DATA5); 
....................    output_drive(LCD_DATA6); 
....................    output_drive(LCD_DATA7); 
....................   #else 
....................    lcdtris.data = 0x0; 
009A:  MOVLW  0F
009B:  BSF    03.5
009C:  ANDWF  06,W
009D:  MOVWF  06
....................   #endif 
....................    lcd_enable_tris(); 
009E:  BCF    08.0
....................    lcd_rs_tris(); 
009F:  BCF    08.1
....................    lcd_rw_tris(); 
00A0:  BCF    08.2
....................  #endif 
....................  
....................    lcd_output_rs(0); 
00A1:  BCF    03.5
00A2:  BCF    08.1
00A3:  BSF    03.5
00A4:  BCF    08.1
....................    lcd_output_rw(0); 
00A5:  BCF    03.5
00A6:  BCF    08.2
00A7:  BSF    03.5
00A8:  BCF    08.2
....................    lcd_output_enable(0); 
00A9:  BCF    03.5
00AA:  BCF    08.0
00AB:  BSF    03.5
00AC:  BCF    08.0
....................      
....................    delay_ms(15); 
00AD:  MOVLW  0F
00AE:  BCF    03.5
00AF:  MOVWF  26
00B0:  CALL   012
....................    for(i=1;i<=3;++i) 
00B1:  MOVLW  01
00B2:  MOVWF  21
00B3:  MOVF   21,W
00B4:  SUBLW  03
00B5:  BTFSS  03.0
00B6:  GOTO   0BF
....................    { 
....................        lcd_send_nibble(3); 
00B7:  MOVLW  03
00B8:  MOVWF  2D
00B9:  CALL   026
....................        delay_ms(5); 
00BA:  MOVLW  05
00BB:  MOVWF  26
00BC:  CALL   012
00BD:  INCF   21,F
00BE:  GOTO   0B3
....................    } 
....................     
....................    lcd_send_nibble(2); 
00BF:  MOVLW  02
00C0:  MOVWF  2D
00C1:  CALL   026
....................    delay_ms(5); 
00C2:  MOVLW  05
00C3:  MOVWF  26
00C4:  CALL   012
....................    for(i=0;i<=3;++i) 
00C5:  CLRF   21
00C6:  MOVF   21,W
00C7:  SUBLW  03
00C8:  BTFSS  03.0
00C9:  GOTO   0D3
....................       lcd_send_byte(0,LCD_INIT_STRING[i]); 
00CA:  MOVF   21,W
00CB:  CALL   004
00CC:  MOVWF  22
00CD:  CLRF   2A
00CE:  MOVF   22,W
00CF:  MOVWF  2B
00D0:  CALL   03F
....................  
....................   #if defined(LCD_EXTENDED_NEWLINE) 
00D1:  INCF   21,F
00D2:  GOTO   0C6
00D3:  BCF    0A.3
00D4:  BCF    0A.4
00D5:  GOTO   17B (RETURN)
....................    g_LcdX = 0; 
....................    g_LcdY = 0; 
....................   #endif 
.................... } 
....................  
.................... void lcd_gotoxy(unsigned int8 x, unsigned int8 y) 
.................... { 
....................    unsigned int8 address; 
....................     
....................    if(y!=1) 
00D6:  DECFSZ 27,W
00D7:  GOTO   0D9
00D8:  GOTO   0DC
....................       address=LCD_LINE_TWO; 
00D9:  MOVLW  40
00DA:  MOVWF  28
00DB:  GOTO   0DD
....................    else 
....................       address=0; 
00DC:  CLRF   28
....................       
....................    address+=x-1; 
00DD:  MOVLW  01
00DE:  SUBWF  26,W
00DF:  ADDWF  28,F
....................    lcd_send_byte(0,0x80|address); 
00E0:  MOVF   28,W
00E1:  IORLW  80
00E2:  MOVWF  29
00E3:  CLRF   2A
00E4:  MOVF   29,W
00E5:  MOVWF  2B
00E6:  CALL   03F
....................  
....................   #if defined(LCD_EXTENDED_NEWLINE) 
00E7:  RETURN
....................    g_LcdX = x - 1; 
....................    g_LcdY = y - 1; 
....................   #endif 
.................... } 
....................  
.................... void lcd_putc(char c) 
.................... { 
....................    switch (c) 
00E8:  MOVF   25,W
00E9:  XORLW  07
00EA:  BTFSC  03.2
00EB:  GOTO   0F6
00EC:  XORLW  0B
00ED:  BTFSC  03.2
00EE:  GOTO   0FB
00EF:  XORLW  06
00F0:  BTFSC  03.2
00F1:  GOTO   103
00F2:  XORLW  02
00F3:  BTFSC  03.2
00F4:  GOTO   109
00F5:  GOTO   10E
....................    { 
....................       case '\a'   :  lcd_gotoxy(1,1);     break; 
00F6:  MOVLW  01
00F7:  MOVWF  26
00F8:  MOVWF  27
00F9:  CALL   0D6
00FA:  GOTO   113
....................  
....................       case '\f'   :  lcd_send_byte(0,1); 
00FB:  CLRF   2A
00FC:  MOVLW  01
00FD:  MOVWF  2B
00FE:  CALL   03F
....................                      delay_ms(2); 
00FF:  MOVLW  02
0100:  MOVWF  26
0101:  CALL   012
....................                     #if defined(LCD_EXTENDED_NEWLINE) 
....................                      g_LcdX = 0; 
....................                      g_LcdY = 0; 
....................                     #endif 
....................                      break; 
0102:  GOTO   113
....................  
....................      #if defined(LCD_EXTENDED_NEWLINE) 
....................       case '\r'   :  lcd_gotoxy(1, g_LcdY+1);   break; 
....................       case '\n'   : 
....................          while (g_LcdX++ < LCD_LINE_LENGTH) 
....................          { 
....................             lcd_send_byte(1, ' '); 
....................          } 
....................          lcd_gotoxy(1, g_LcdY+2); 
....................          break; 
....................      #else 
....................       case '\n'   : lcd_gotoxy(1,2);        break; 
0103:  MOVLW  01
0104:  MOVWF  26
0105:  MOVLW  02
0106:  MOVWF  27
0107:  CALL   0D6
0108:  GOTO   113
....................      #endif 
....................       
....................       case '\b'   : lcd_send_byte(0,0x10);  break; 
0109:  CLRF   2A
010A:  MOVLW  10
010B:  MOVWF  2B
010C:  CALL   03F
010D:  GOTO   113
....................       
....................      #if defined(LCD_EXTENDED_NEWLINE) 
....................       default     :  
....................          if (g_LcdX < LCD_LINE_LENGTH) 
....................          { 
....................             lcd_send_byte(1, c); 
....................             g_LcdX++; 
....................          } 
....................          break; 
....................      #else 
....................       default     : lcd_send_byte(1,c);     break; 
010E:  MOVLW  01
010F:  MOVWF  2A
0110:  MOVF   25,W
0111:  MOVWF  2B
0112:  CALL   03F
....................      #endif 
....................    } 
0113:  RETURN
.................... } 
....................   
.................... char lcd_getc(unsigned int8 x, unsigned int8 y) 
.................... { 
....................    char value; 
....................  
....................    lcd_gotoxy(x,y); 
....................    while ( bit_test(lcd_read_byte(),7) ); // wait until busy flag is low 
....................    lcd_output_rs(1); 
....................    value = lcd_read_byte(); 
....................    lcd_output_rs(0); 
....................     
....................    return(value); 
.................... } 
....................  
.................... // write a custom character to the ram 
.................... // which is 0-7 and specifies which character array we are modifying. 
.................... // ptr points to an array of 8 bytes, where each byte is the next row of 
.................... //    pixels.  only bits 0-4 are used.  the last row is the cursor row, and 
.................... //    usually you will want to leave this byte 0x00. 
.................... void lcd_set_cgram_char(unsigned int8 which, unsigned int8 *ptr) 
.................... { 
....................    unsigned int i; 
....................  
....................    which <<= 3; 
....................    which &= 0x38; 
....................  
....................    lcd_send_byte(0, 0x40 | which);  //set cgram address 
....................  
....................    for(i=0; i<8; i++) 
....................    { 
....................       lcd_send_byte(1, *ptr++); 
....................    } 
....................    
....................    #if defined(LCD_EXTENDED_NEWLINE) 
....................     lcd_gotoxy(g_LcdX+1, g_LcdY+1);  //set ddram address 
....................    #endif 
.................... } 
....................  
.................... void lcd_cursor_on(int1 on) 
.................... { 
....................    if (on) 
....................    { 
....................       lcd_send_byte(0,0x0F);           //turn LCD cursor ON 
....................    } 
....................    else 
....................    { 
....................       lcd_send_byte(0,0x0C);           //turn LCD cursor OFF 
....................    } 
.................... } 
....................  
.................... #endif 
....................  
....................  
.................... void main() 
*
0161:  MOVF   03,W
0162:  ANDLW  1F
0163:  MOVWF  03
0164:  BSF    03.5
0165:  BSF    03.6
0166:  MOVF   09,W
0167:  ANDLW  C0
0168:  MOVWF  09
0169:  BCF    03.6
016A:  BCF    1F.4
016B:  BCF    1F.5
016C:  MOVLW  00
016D:  BSF    03.6
016E:  MOVWF  08
016F:  BCF    03.5
0170:  CLRF   07
0171:  CLRF   08
0172:  CLRF   09
0173:  BCF    03.7
.................... { 
....................    set_tris_B(0); 
0174:  MOVLW  00
0175:  BSF    03.5
0176:  BCF    03.6
0177:  MOVWF  06
....................    SET_TRIS_D(0); 
0178:  MOVWF  08
....................    lcd_init();                            //Inicializamos LCD 
0179:  BCF    03.5
017A:  GOTO   09A
....................    lcd_putc("Hola Mundo");                //"Hola Mundo" 
017B:  MOVLW  0C
017C:  BSF    03.6
017D:  MOVWF  0D
017E:  MOVLW  00
017F:  MOVWF  0F
0180:  BCF    03.6
0181:  GOTO   114
.................... } 
0182:  SLEEP

Configuration Fuses:
   Word  1: 2FE7   RC NOWDT PUT MCLR NOPROTECT NOCPD BROWNOUT IESO FCMEN NOLVP NODEBUG
   Word  2: 3FFF   BORV40 NOWRT
